HI-TECH Software C Compiler 

Linker command line:

--edf=C:\Arquivos de programas\HI-TECH Software\PICC\9.83\dat\en_msgs.txt \
  -cs -h+SafeHouse.sym -z -Q16F877A -ol.obj -MSafeHouse.map -E1 \
  -ACONST=00h-0FFhx32 -ACODE=00h-07FFhx4 -ASTRCODE=00h-01FFFh \
  -AENTRY=00h-0FFhx32 -ASTRING=00h-0FFhx32 -ABANK0=020h-06Fh \
  -ABANK1=0A0h-0EFh -ABANK2=0110h-016Fh -ABANK3=0190h-01EFh \
  -ARAM=020h-06Fh,0A0h-0EFh,0110h-016Fh,0190h-01EFh \
  -AABS1=020h-07Fh,0A0h-0EFh,0110h-016Fh,0190h-01EFh -ACOMMON=070h-07Fh \
  -ASFR0=00h-01Fh -ASFR1=080h-09Fh -ASFR2=0100h-010Fh -ASFR3=0180h-018Fh \
  -preset_vec=00h,intentry=04h,init,end_init -ppowerup=CODE -pfunctab=CODE \
  -ACONFIG=02007h-02007h -pconfig=CONFIG -DCONFIG=2 -AIDLOC=02000h-02003h \
  -pidloc=IDLOC -DIDLOC=2 -AEEDATA=00h-0FFh/02100h -peeprom_data=EEDATA \
  -DEEDATA=2 -DCODE=2 -DSTRCODE=2 -DSTRING=2 -DCONST=2 -DENTRY=2 -k \
  startup.obj SafeHouse.obj 

Object code version is 3.10

Machine type is 16F877A



                Name                               Link     Load   Length Selector   Space Scale
startup.obj     end_init                             12       12        3        8       0
                reset_vec                             0        0        3        0       0
SafeHouse.obj   intentry                              4        4        E        8       0
                config                             2007     2007        1     400E       0
                text776                            122E     122E       71     245C       0
                text775                            1F19     1F19        C     3E32       0
                text774                            1483     1483       E2     2906       0
                text773                            16AB     16AB      155     2D56       0
                text772                            1F37     1F37       1A     3E6E       0
                text771                            10BC     10BC       2C     2178       0
                text770                             75F      75F       7D        8       0
                text769                            1315     1315       A6     262A       0
                text768                            129F     129F       76     253E       0
                text767                            1FA2     1FA2       5E     3F44       0
                text766                             800      800        E     1000       0
                text765                            1150     1150       6E     22A0       0
                text764                            11BE     11BE       70     237C       0
                text763                            10E8     10E8       68     21D0       0
                text762                            1565     1565      146     2ACA       0
                text761                            13BB     13BB       C8     2776       0
                text760                             80E      80E       EE     101C       0
                text759                            1F51     1F51       1B     3EA2       0
                text758                            1F6C     1F6C       36     3ED8       0
                text757                             8FC      8FC      1B7     11F8       0
                text756                             D29      D29      2D7     1A52       0
                text755                             7DC      7DC       1F        8       0
                text754                              15       15      74A        8       0
                maintext                            AB3      AB3      276     1566       0
                cstackBANK0                          20       20       4F       20       1
                cstackCOMMON                         70       70        7       70       1
                cstackBANK1                          A0       A0       23       A0       1
                bssBANK1                             C3       C3        A       A0       1
                bssCOMMON                            78       78        1       70       1
                bitbssCOMMON                        3B8       77        1       70       1     8
                cinit                              1F25     1F25       12     3E4A       0
                strings                            1000     1000       B5     2000       0

TOTAL           Name                               Link     Load   Length     Space
        CLASS   CONST          

        CLASS   CODE           
                end_init                             12       12        3         0
                intentry                              4        4        E         0
                reset_vec                             0        0        3         0
                text776                            122E     122E       71         0
                text775                            1F19     1F19        C         0
                text774                            1483     1483       E2         0
                text773                            16AB     16AB      155         0
                text772                            1F37     1F37       1A         0
                text771                            10BC     10BC       2C         0
                text770                             75F      75F       7D         0
                text769                            1315     1315       A6         0
                text768                            129F     129F       76         0
                text767                            1FA2     1FA2       5E         0
                text766                             800      800        E         0
                text765                            1150     1150       6E         0
                text764                            11BE     11BE       70         0
                text763                            10E8     10E8       68         0
                text762                            1565     1565      146         0
                text761                            13BB     13BB       C8         0
                text760                             80E      80E       EE         0
                text759                            1F51     1F51       1B         0
                text758                            1F6C     1F6C       36         0
                text757                             8FC      8FC      1B7         0
                text756                             D29      D29      2D7         0
                text755                             7DC      7DC       1F         0
                text754                              15       15      74A         0
                maintext                            AB3      AB3      276         0
                cinit                              1F25     1F25       12         0

        CLASS   STRCODE        

        CLASS   ENTRY          

        CLASS   STRING         
                strings                            1000     1000       B5         0

        CLASS   BANK0          
                cstackBANK0                          20       20       4F         1

        CLASS   BANK1          
                cstackBANK1                          A0       A0       23         1
                bssBANK1                             C3       C3        A         1

        CLASS   BANK2          

        CLASS   BANK3          

        CLASS   RAM            

        CLASS   ABS1           
                abs_s1                               7E       7E        2         1

        CLASS   COMMON         
                cstackCOMMON                         70       70        7         1
                bssCOMMON                            78       78        1         1
                bitbssCOMMON                        3B8       77        1         1

        CLASS   SFR0           

        CLASS   SFR1           

        CLASS   SFR2           

        CLASS   SFR3           

        CLASS   CONFIG         
                config                             2007     2007        1         0

        CLASS   IDLOC          

        CLASS   EEDATA         



SEGMENTS        Name                           Load    Length   Top    Selector   Space  Class     Delta

                reset_vec                      000000  000003  000003         0       0  CODE        2
                intentry                       000004  0007F7  0007FB         8       0  CODE        2
                cstackBANK0                    000020  00004F  00006F        20       1  BANK0       1
                cstackCOMMON                   000070  000009  000079        70       1  COMMON      1
                cstackBANK1                    0000A0  00002D  0000CD        A0       1  BANK1       1
                text766                        000800  00000E  00080E      1000       0  CODE        2
                text760                        00080E  0000EE  0008FC      101C       0  CODE        2
                text757                        0008FC  0001B7  000AB3      11F8       0  CODE        2
                maintext                       000AB3  000276  000D29      1566       0  CODE        2
                text756                        000D29  0002D7  001000      1A52       0  CODE        2
                strings                        001000  0000B5  0010B5      2000       0  STRING      2
                text771                        0010BC  00002C  0010E8      2178       0  CODE        2
                text763                        0010E8  000068  001150      21D0       0  CODE        2
                text765                        001150  00006E  0011BE      22A0       0  CODE        2
                text764                        0011BE  000070  00122E      237C       0  CODE        2
                text776                        00122E  000071  00129F      245C       0  CODE        2
                text768                        00129F  000076  001315      253E       0  CODE        2
                text769                        001315  0000A6  0013BB      262A       0  CODE        2
                text761                        0013BB  0000C8  001483      2776       0  CODE        2
                text774                        001483  0000E2  001565      2906       0  CODE        2
                text762                        001565  000146  0016AB      2ACA       0  CODE        2
                text773                        0016AB  000155  001800      2D56       0  CODE        2
                text775                        001F19  00000C  001F25      3E32       0  CODE        2
                cinit                          001F25  000012  001F37      3E4A       0  CODE        2
                text772                        001F37  00001A  001F51      3E6E       0  CODE        2
                text759                        001F51  00001B  001F6C      3EA2       0  CODE        2
                text758                        001F6C  000036  001FA2      3ED8       0  CODE        2
                text767                        001FA2  00005E  002000      3F44       0  CODE        2
                config                         002007  000001  002008      400E       0  CONFIG      2


UNUSED ADDRESS RANGES

        Name                Unused          Largest block    Delta
        BANK0            006F-006F              1           1
        BANK1            00CD-00EF             23           1
        BANK2            0110-016F             60           1
        BANK3            0190-01EF             60           1
        CODE             0003-0003              1           2
                         07FB-07FF              5
                         10B5-10BB              7
                         1800-1F18            719
        COMMON           0079-007D              5           1
        CONST            0003-0003              1           2
                         07FB-07FF              5
                         10B5-10BB              7
                         1800-1F18            100
        EEDATA           2100-21FF            100           2
        ENTRY            0003-0003              1           2
                         07FB-07FF              5
                         10B5-10BB              7
                         1800-1F18            100
        IDLOC            2000-2003              4           2
        RAM              006F-006F              1           1
                         00CD-00EF             23
                         0110-016F             60
                         0190-01EF             60
        SFR0             0000-001F             20           1
        SFR1             0080-009F             20           1
        SFR2             0100-010F             10           1
        SFR3             0180-018F             10           1
        STRCODE          0003-0003              1           2
                         07FB-07FF              5
                         10B5-10BB              7
                         1800-1F18            719
        STRING           0003-0003              1           2
                         07FB-07FF              5
                         10B5-10BB              7
                         1800-1F18            100

                                  Symbol Table

??___awdiv             cstackBANK0  002B
??___awmod             cstackBANK0  0024
??___bmul              cstackBANK0  0031
??___ftadd             cstackBANK0  0058
??___ftdiv             cstackBANK0  0032
??___ftge              cstackBANK0  0026
??___ftmul             cstackBANK0  0048
??___ftneg             cstackBANK0  0023
??___ftpack            cstackBANK0  0025
??___ftsub             cstackBANK0  0065
??___fttol             cstackBANK0  0038
??___lldiv             cstackBANK0  0028
??___llmod             cstackBANK0  0036
??___lltoft            cstackBANK0  002C
??___lwtoft            cstackBANK0  002B
??___wmul              cstackBANK0  0024
??__div_to_l_          cstackBANK0  0026
??__tdiv_to_l_         cstackBANK0  0026
??_fround              cstackBANK0  0062
??_interupt            cstackCOMMON 0070
??_main                cstackBANK1  00C0
??_printf              cstackBANK1  00A3
??_putch               cstackBANK0  0020
??_scale               cstackBANK0  0055
?___awdiv              cstackBANK0  0027
?___awmod              cstackBANK0  0020
?___bmul               cstackBANK0  0030
?___ftadd              cstackBANK0  0052
?___ftdiv              cstackBANK0  002C
?___ftge               cstackBANK0  0020
?___ftmul              cstackBANK0  0042
?___ftneg              cstackBANK0  0020
?___ftpack             cstackBANK0  0020
?___ftsub              cstackBANK0  005F
?___fttol              cstackBANK0  0034
?___lldiv              cstackBANK0  0020
?___llmod              cstackBANK0  002E
?___lltoft             cstackBANK0  0028
?___lwtoft             cstackBANK0  0028
?___wmul               cstackBANK0  0020
?__div_to_l_           cstackBANK0  0020
?__tdiv_to_l_          cstackBANK0  0020
?_fround               cstackBANK0  005F
?_interupt             cstackCOMMON 0070
?_main                 cstackCOMMON 0070
?_printf               cstackBANK1  00A0
?_putch                cstackCOMMON 0070
?_scale                cstackBANK0  0052
_ADCS0                 (abs)        00FE
_ADCS1                 (abs)        00FF
_ADCS2                 (abs)        04FE
_ADFM                  (abs)        04FF
_ADIE                  (abs)        0466
_ADIF                  (abs)        0066
_ADON                  (abs)        00F8
_ADRESH                (abs)        001E
_ADRESL                (abs)        009E
_CARRY                 (abs)        0018
_CHS0                  (abs)        00FB
_CHS1                  (abs)        00FC
_CHS2                  (abs)        00FD
_EEADR                 (abs)        010D
_EECON1                (abs)        018C
_EECON2                (abs)        018D
_EEDATA                (abs)        010C
_GIE                   (abs)        005F
_GO_DONE               (abs)        00FA
_PCFG0                 (abs)        04F8
_PCFG1                 (abs)        04F9
_PCFG2                 (abs)        04FA
_PCFG3                 (abs)        04FB
_PEIE                  (abs)        005E
_PS0                   (abs)        0408
_PS1                   (abs)        0409
_PS2                   (abs)        040A
_PSA                   (abs)        040B
_RB1                   (abs)        0031
_RB2                   (abs)        0032
_RB3                   (abs)        0033
_RCIF                  (abs)        0065
_RCREG                 (abs)        001A
_RCSTA                 (abs)        0018
_RD                    (abs)        0C60
_SPBRG                 (abs)        0099
_T0CS                  (abs)        040D
_T0SE                  (abs)        040C
_TMR0IE                (abs)        005D
_TMR0IF                (abs)        005A
_TRISA0                (abs)        0428
_TRISB                 (abs)        0086
_TRISB1                (abs)        0431
_TRISB2                (abs)        0432
_TRISB3                (abs)        0433
_TRISC6                (abs)        043E
_TRISC7                (abs)        043F
_TXIF                  (abs)        0064
_TXREG                 (abs)        0019
_TXSTA                 (abs)        0098
_WR                    (abs)        0C61
_WREN                  (abs)        0C62
__Habs1                abs1         0000
__Hbank0               bank0        0000
__Hbank1               bank1        0000
__Hbank2               bank2        0000
__Hbank3               bank3        0000
__HbitbssCOMMON        bitbssCOMMON 0000
__HbssBANK1            bssBANK1     0000
__HbssCOMMON           bssCOMMON    0000
__Hcinit               cinit        0000
__Hclrtext             clrtext      0000
__Hcode                code         0000
__Hcommon              common       0000
__Hconfig              config       2008
__HcstackBANK0         cstackBANK0  0000
__HcstackBANK1         cstackBANK1  0000
__HcstackCOMMON        cstackCOMMON 0000
__Heeprom_data         eeprom_data  0000
__Hend_init            end_init     0015
__Hfunctab             functab      0000
__Hidloc               idloc        0000
__Hinit                init         0012
__Hintentry            intentry     0012
__Hmaintext            maintext     0000
__Hpowerup             powerup      0000
__Hram                 ram          0000
__Hreset_vec           reset_vec    0003
__Hsfr0                sfr0         0000
__Hsfr1                sfr1         0000
__Hsfr2                sfr2         0000
__Hsfr3                sfr3         0000
__Hstrings             strings      0000
__Htext                text         0000
__Labs1                abs1         0000
__Lbank0               bank0        0000
__Lbank1               bank1        0000
__Lbank2               bank2        0000
__Lbank3               bank3        0000
__LbitbssCOMMON        bitbssCOMMON 0000
__LbssBANK1            bssBANK1     0000
__LbssCOMMON           bssCOMMON    0000
__Lcinit               cinit        0000
__Lclrtext             clrtext      0000
__Lcode                code         0000
__Lcommon              common       0000
__Lconfig              config       2007
__LcstackBANK0         cstackBANK0  0000
__LcstackBANK1         cstackBANK1  0000
__LcstackCOMMON        cstackCOMMON 0000
__Leeprom_data         eeprom_data  0000
__Lend_init            end_init     0012
__Lfunctab             functab      0000
__Lidloc               idloc        0000
__Linit                init         0012
__Lintentry            intentry     0004
__Lmaintext            maintext     0000
__Lpowerup             powerup      0000
__Lram                 ram          0000
__Lreset_vec           reset_vec    0000
__Lsfr0                sfr0         0000
__Lsfr1                sfr1         0000
__Lsfr2                sfr2         0000
__Lsfr3                sfr3         0000
__Lstrings             strings      0000
__Ltext                text         0000
__S0                   (abs)        2008
__S1                   (abs)        00CD
__S2                   (abs)        0000
___awdiv               text768      129F
___awdiv@counter       cstackBANK0  002C
___awdiv@dividend      cstackBANK0  0029
___awdiv@divisor       cstackBANK0  0027
___awdiv@quotient      cstackBANK0  002E
___awdiv@sign          cstackBANK0  002D
___awmod               text763      10E8
___awmod@counter       cstackBANK0  0025
___awmod@dividend      cstackBANK0  0022
___awmod@divisor       cstackBANK0  0020
___awmod@sign          cstackBANK0  0026
___bmul                text772      1F37
___bmul@multiplicand   cstackBANK0  0030
___bmul@multiplier     cstackBANK0  0033
___bmul@product        cstackBANK0  0032
___ftadd               text762      1565
___ftadd@exp1          cstackBANK0  005E
___ftadd@exp2          cstackBANK0  005D
___ftadd@f1            cstackBANK0  0052
___ftadd@f2            cstackBANK0  0055
___ftadd@sign          cstackBANK0  005C
___ftdiv               text761      13BB
___ftdiv@cntr          cstackBANK0  0036
___ftdiv@exp           cstackBANK0  003A
___ftdiv@f1            cstackBANK0  002F
___ftdiv@f2            cstackBANK0  002C
___ftdiv@f3            cstackBANK0  0037
___ftdiv@sign          cstackBANK0  003B
___ftge                text765      1150
___ftge@ff1            cstackBANK0  0020
___ftge@ff2            cstackBANK0  0023
___ftmul               text760      080E
___ftmul@cntr          cstackBANK0  0050
___ftmul@exp           cstackBANK0  004C
___ftmul@f1            cstackBANK0  0042
___ftmul@f2            cstackBANK0  0045
___ftmul@f3_as_product cstackBANK0  004D
___ftmul@sign          cstackBANK0  0051
___ftneg               text766      0800
___ftneg@f1            cstackBANK0  0020
___ftpack              text770      075F
___ftpack@arg          cstackBANK0  0020
___ftpack@exp          cstackBANK0  0023
___ftpack@sign         cstackBANK0  0024
___ftsub               text755      07DC
___ftsub@f1            cstackBANK0  0062
___ftsub@f2            cstackBANK0  005F
___fttol               text769      1315
___fttol@exp1          cstackBANK0  0041
___fttol@f1            cstackBANK0  0034
___fttol@lval          cstackBANK0  003D
___fttol@sign1         cstackBANK0  003C
___lldiv               text764      11BE
___lldiv@counter       cstackBANK0  002D
___lldiv@dividend      cstackBANK0  0024
___lldiv@divisor       cstackBANK0  0020
___lldiv@quotient      cstackBANK0  0029
___llmod               text767      1FA2
___llmod@counter       cstackBANK0  0037
___llmod@dividend      cstackBANK0  0032
___llmod@divisor       cstackBANK0  002E
___lltoft              text758      1F6C
___lltoft@c            cstackBANK0  0028
___lltoft@exp          cstackBANK0  002D
___lwtoft              text759      1F51
___lwtoft@c            cstackBANK0  0028
___wmul                text771      10BC
___wmul@multiplicand   cstackBANK0  0022
___wmul@multiplier     cstackBANK0  0020
___wmul@product        cstackBANK0  0024
__div_to_l_            text773      16AB
__div_to_l_@cntr       cstackBANK0  0032
__div_to_l_@exp1       cstackBANK0  0033
__div_to_l_@f1         cstackBANK0  0020
__div_to_l_@f2         cstackBANK0  0023
__div_to_l_@quot       cstackBANK0  002E
__end_of___awdiv       text768      1315
__end_of___awmod       text763      1150
__end_of___bmul        text772      1F51
__end_of___ftadd       text762      16AB
__end_of___ftdiv       text761      1483
__end_of___ftge        text765      11BE
__end_of___ftmul       text760      08FC
__end_of___ftneg       text766      080E
__end_of___ftpack      text770      07DC
__end_of___ftsub       text755      07FB
__end_of___fttol       text769      13BB
__end_of___lldiv       text764      122E
__end_of___llmod       text767      2000
__end_of___lltoft      text758      1FA2
__end_of___lwtoft      text759      1F6C
__end_of___wmul        text771      10E8
__end_of__div_to_l_    text773      1800
__end_of__tdiv_to_l_   text774      1565
__end_of_fround        text757      0AB3
__end_of_interupt      text776      129F
__end_of_main          maintext     0D29
__end_of_printf        text754      075F
__end_of_putch         text775      1F25
__end_of_scale         text756      1000
__npowers_             strings      102E
__pbitbssCOMMON        bitbssCOMMON 03B8
__pbssBANK1            bssBANK1     00C3
__pbssCOMMON           bssCOMMON    0078
__pcstackBANK0         cstackBANK0  0020
__pcstackBANK1         cstackBANK1  00A0
__pcstackCOMMON        cstackCOMMON 0070
__pintentry            intentry     0004
__pmaintext            maintext     0AB3
__powers_              strings      1055
__pstrings             strings      1000
__ptext754             text754      0015
__ptext755             text755      07DC
__ptext756             text756      0D29
__ptext757             text757      08FC
__ptext758             text758      1F6C
__ptext759             text759      1F51
__ptext760             text760      080E
__ptext761             text761      13BB
__ptext762             text762      1565
__ptext763             text763      10E8
__ptext764             text764      11BE
__ptext765             text765      1150
__ptext766             text766      0800
__ptext767             text767      1FA2
__ptext768             text768      129F
__ptext769             text769      1315
__ptext770             text770      075F
__ptext771             text771      10BC
__ptext772             text772      1F37
__ptext773             text773      16AB
__ptext774             text774      1483
__ptext775             text775      1F19
__ptext776             text776      122E
__ptext777             text777      0000
__size_of___awdiv      (abs)        0000
__size_of___awmod      (abs)        0000
__size_of___bmul       (abs)        0000
__size_of___ftadd      (abs)        0000
__size_of___ftdiv      (abs)        0000
__size_of___ftge       (abs)        0000
__size_of___ftmul      (abs)        0000
__size_of___ftneg      (abs)        0000
__size_of___ftpack     (abs)        0000
__size_of___ftsub      (abs)        0000
__size_of___fttol      (abs)        0000
__size_of___lldiv      (abs)        0000
__size_of___llmod      (abs)        0000
__size_of___lltoft     (abs)        0000
__size_of___lwtoft     (abs)        0000
__size_of___wmul       (abs)        0000
__size_of__div_to_l_   (abs)        0000
__size_of__tdiv_to_l_  (abs)        0000
__size_of_fround       (abs)        0000
__size_of_interupt     (abs)        0000
__size_of_main         (abs)        0000
__size_of_printf       (abs)        0000
__size_of_putch        (abs)        0000
__size_of_scale        (abs)        0000
__tdiv_to_l_           text774      1483
__tdiv_to_l_@cntr      cstackBANK0  002E
__tdiv_to_l_@exp1      cstackBANK0  002F
__tdiv_to_l_@f1        cstackBANK0  0020
__tdiv_to_l_@f2        cstackBANK0  0023
__tdiv_to_l_@quot      cstackBANK0  002A
_count                 bssCOMMON    0078
_dataLuz               bssBANK1     00C9
_dataTemp              bssBANK1     00CB
_dpowers               strings      1006
_exit                  init         0012
_flag                  bitbssCOMMON 03B8
_fround                text757      08FC
_fround$2924           cstackBANK0  006B
_fround$2925           cstackBANK0  0068
_interupt              text776      122E
_luz                   bssBANK1     00C3
_main                  maintext     0AB3
_printf                text754      0015
_printf$2129           cstackBANK1  00A9
_putch                 text775      1F19
_scale                 text756      0D29
_scale$2926            cstackBANK0  0057
_temp                  bssBANK1     00C6
btemp                  (abs)        007E
end_of_initialization  cinit        1F33
fround@prec            cstackBANK0  006E
interrupt_function     intentry     0004
intlevel0              functab      0000
intlevel1              functab      0000
intlevel2              functab      0000
intlevel3              functab      0000
intlevel4              functab      0000
intlevel5              functab      0000
printf@_val            cstackBANK1  00B6
printf@ap              cstackBANK1  00AE
printf@c               cstackBANK1  00BF
printf@exp             cstackBANK1  00BA
printf@f               cstackBANK1  00AD
printf@flag            cstackBANK1  00AF
printf@fval            cstackBANK1  00BC
printf@integ           cstackBANK1  00B1
printf@prec            cstackBANK1  00B4
putch@byte             cstackBANK0  0020
reset_vec              reset_vec    0000
saved_w                (abs)        007E
scale@scl              cstackBANK0  005A
start                  init         0012
start_initialization   cinit        1F25
wtemp0                 (abs)        007E
