HI-TECH Software C Compiler 

Linker command line:

--edf=C:\Arquivos de programas\HI-TECH Software\PICC\9.83\dat\en_msgs.txt \
  -cs -h+usart.sym -z -Q16F877A -ol.obj -Musart.map -E1 -ACONST=00h-0FFhx32 \
  -ACODE=00h-07FFhx4 -ASTRCODE=00h-01FFFh -AENTRY=00h-0FFhx32 \
  -ASTRING=00h-0FFhx32 -ABANK0=020h-06Fh -ABANK1=0A0h-0EFh \
  -ABANK2=0110h-016Fh -ABANK3=0190h-01EFh \
  -ARAM=020h-06Fh,0A0h-0EFh,0110h-016Fh,0190h-01EFh \
  -AABS1=020h-07Fh,0A0h-0EFh,0110h-016Fh,0190h-01EFh -ACOMMON=070h-07Fh \
  -ASFR0=00h-01Fh -ASFR1=080h-09Fh -ASFR2=0100h-010Fh -ASFR3=0180h-018Fh \
  -preset_vec=00h,intentry,init,end_init -ppowerup=CODE -pfunctab=CODE \
  -ACONFIG=02007h-02007h -pconfig=CONFIG -DCONFIG=2 -AIDLOC=02000h-02003h \
  -pidloc=IDLOC -DIDLOC=2 -AEEDATA=00h-0FFh/02100h -peeprom_data=EEDATA \
  -DEEDATA=2 -DCODE=2 -DSTRCODE=2 -DSTRING=2 -DCONST=2 -DENTRY=2 -k \
  startup.obj usart.obj 

Object code version is 3.10

Machine type is 16F877A



                Name                               Link     Load   Length Selector   Space Scale
startup.obj     end_init                              0        0        3        0       0
usart.obj       config                             2007     2007        1     400E       0
                text98                              726      726        C      E4C       0
                text97                              71B      71B        B      E36       0
                text96                              732      732       51      E64       0
                maintext                            783      783       7D      F06       0
                cstackCOMMON                         70       70        B       70       1
                bssCOMMON                            7B       7B        1       70       1
                cinit                               716      716        5      E2C       0
                strings                               3        3       3E        6       0

TOTAL           Name                               Link     Load   Length     Space
        CLASS   CONST          

        CLASS   CODE           
                end_init                              0        0        3         0
                text98                              726      726        C         0
                text97                              71B      71B        B         0
                text96                              732      732       51         0
                maintext                            783      783       7D         0
                cinit                               716      716        5         0

        CLASS   STRCODE        

        CLASS   ENTRY          

        CLASS   STRING         
                strings                               3        3       3E         0

        CLASS   BANK0          

        CLASS   BANK1          

        CLASS   BANK2          

        CLASS   BANK3          

        CLASS   RAM            

        CLASS   ABS1           
                abs_s1                               7E       7E        2         1

        CLASS   COMMON         
                cstackCOMMON                         70       70        B         1
                bssCOMMON                            7B       7B        1         1

        CLASS   SFR0           

        CLASS   SFR1           

        CLASS   SFR2           

        CLASS   SFR3           

        CLASS   CONFIG         
                config                             2007     2007        1         0

        CLASS   IDLOC          

        CLASS   EEDATA         



SEGMENTS        Name                           Load    Length   Top    Selector   Space  Class     Delta

                reset_vec                      000000  000003  000003         0       0  CODE        2
                strings                        000003  00003E  000041         6       0  STRING      2
                cstackCOMMON                   000070  00000C  00007C        70       1  COMMON      1
                cinit                          000716  000005  00071B       E2C       0  CODE        2
                text97                         00071B  00000B  000726       E36       0  CODE        2
                text98                         000726  00000C  000732       E4C       0  CODE        2
                text96                         000732  000051  000783       E64       0  CODE        2
                maintext                       000783  00007D  000800       F06       0  CODE        2
                config                         002007  000001  002008      400E       0  CONFIG      2


UNUSED ADDRESS RANGES

        Name                Unused          Largest block    Delta
        BANK0            0020-006F             50           1
        BANK1            00A0-00EF             50           1
        BANK2            0110-016F             60           1
        BANK3            0190-01EF             60           1
        CODE             0041-0715            6D5           2
                         0800-1FFF            800
        COMMON           007C-007D              2           1
        CONST            0041-0715            100           2
                         0800-1FFF            100
        EEDATA           2100-21FF            100           2
        ENTRY            0041-0715            100           2
                         0800-1FFF            100
        IDLOC            2000-2003              4           2
        RAM              0020-006F             50           1
                         00A0-00EF             50
                         0110-016F             60
                         0190-01EF             60
        SFR0             0000-001F             20           1
        SFR1             0080-009F             20           1
        SFR2             0100-010F             10           1
        SFR3             0180-018F             10           1
        STRCODE          0041-0715            6D5           2
                         0800-1FFF           1800
        STRING           0041-0715            100           2
                         0800-1FFF            100

                                  Symbol Table

??_getch              cstackCOMMON 0070
??_main               cstackCOMMON 0078
??_printf             cstackCOMMON 0073
??_putch              cstackCOMMON 0070
?_getch               cstackCOMMON 0070
?_main                cstackCOMMON 0070
?_printf              cstackCOMMON 0071
?_putch               cstackCOMMON 0070
_CARRY                (abs)        0018
_EEADR                (abs)        010D
_EECON1               (abs)        018C
_EECON2               (abs)        018D
_EEDATA               (abs)        010C
_GIE                  (abs)        005F
_INTCON               (abs)        000B
_RB1                  (abs)        0031
_RB2                  (abs)        0032
_RB3                  (abs)        0033
_RCIF                 (abs)        0065
_RCREG                (abs)        001A
_RCSTA                (abs)        0018
_RD                   (abs)        0C60
_SPBRG                (abs)        0099
_TRISB                (abs)        0086
_TRISB1               (abs)        0431
_TRISB2               (abs)        0432
_TRISB3               (abs)        0433
_TRISC6               (abs)        043E
_TRISC7               (abs)        043F
_TXIF                 (abs)        0064
_TXREG                (abs)        0019
_TXSTA                (abs)        0098
_WR                   (abs)        0C61
_WREN                 (abs)        0C62
__Habs1               abs1         0000
__Hbank0              bank0        0000
__Hbank1              bank1        0000
__Hbank2              bank2        0000
__Hbank3              bank3        0000
__HbssCOMMON          bssCOMMON    0000
__Hcinit              cinit        0000
__Hclrtext            clrtext      0000
__Hcode               code         0000
__Hcommon             common       0000
__Hconfig             config       2008
__HcstackCOMMON       cstackCOMMON 0000
__Heeprom_data        eeprom_data  0000
__Hend_init           end_init     0003
__Hfunctab            functab      0000
__Hidloc              idloc        0000
__Hinit               init         0000
__Hintentry           intentry     0000
__Hmaintext           maintext     0000
__Hpowerup            powerup      0000
__Hram                ram          0000
__Hreset_vec          reset_vec    0000
__Hsfr0               sfr0         0000
__Hsfr1               sfr1         0000
__Hsfr2               sfr2         0000
__Hsfr3               sfr3         0000
__Hstrings            strings      0000
__Htext               text         0000
__Labs1               abs1         0000
__Lbank0              bank0        0000
__Lbank1              bank1        0000
__Lbank2              bank2        0000
__Lbank3              bank3        0000
__LbssCOMMON          bssCOMMON    0000
__Lcinit              cinit        0000
__Lclrtext            clrtext      0000
__Lcode               code         0000
__Lcommon             common       0000
__Lconfig             config       2007
__LcstackCOMMON       cstackCOMMON 0000
__Leeprom_data        eeprom_data  0000
__Lend_init           end_init     0000
__Lfunctab            functab      0000
__Lidloc              idloc        0000
__Linit               init         0000
__Lintentry           intentry     0000
__Lmaintext           maintext     0000
__Lpowerup            powerup      0000
__Lram                ram          0000
__Lreset_vec          reset_vec    0000
__Lsfr0               sfr0         0000
__Lsfr1               sfr1         0000
__Lsfr2               sfr2         0000
__Lsfr3               sfr3         0000
__Lstrings            strings      0000
__Ltext               text         0000
__S0                  (abs)        2008
__S1                  (abs)        007C
__S2                  (abs)        0000
__end_of_getch        text97       0726
__end_of_main         maintext     0800
__end_of_printf       text96       0783
__end_of_putch        text98       0732
__pbssCOMMON          bssCOMMON    007B
__pcstackCOMMON       cstackCOMMON 0070
__pmaintext           maintext     0783
__pstrings            strings      0003
__ptext95             text95       0000
__ptext96             text96       0732
__ptext97             text97       071B
__ptext98             text98       0726
__ptext99             text99       0000
__size_of_getch       (abs)        0000
__size_of_main        (abs)        0000
__size_of_printf      (abs)        0000
__size_of_putch       (abs)        0000
_exit                 init         0000
_getch                text97       071B
_input                bssCOMMON    007B
_main                 maintext     0783
_printf               text96       0732
_putch                text98       0726
btemp                 (abs)        007E
end_of_initialization cinit        0717
intlevel0             functab      0000
intlevel1             functab      0000
intlevel2             functab      0000
intlevel3             functab      0000
intlevel4             functab      0000
intlevel5             functab      0000
printf@ap             cstackCOMMON 0075
printf@c              cstackCOMMON 0077
printf@f              cstackCOMMON 0076
printf@flag           cstackCOMMON 0074
putch@byte            cstackCOMMON 0070
reset_vec             reset_vec    0000
start                 init         0000
start_initialization  cinit        0716
wtemp0                (abs)        007E
